2026-09-24 23:36:31 [INFO] faradaymr: Inicia la simulación 20260924_233631_ebc884b7 (log en C:\Users\liv3a\OneDrive\Escritorio\CONGRESO_2026\Mapas-de-Rotacion-de-Faraday\tests\..\examples\icm_faraday_rotation\results\logs\20260924_233631_ebc884b7.log)
2026-09-24 23:36:31 [INFO] faradaymr: Corrida 20260924_233631_ebc884b7: n_spec=3, B0=1 uG, GPU=False
2026-09-24 23:36:31 [INFO] faradaymr: Generando plasma magnetizado (campo turbulento + perfil de densidad)...
2026-09-24 23:36:31 [INFO] faradaymr.fields.gaussian_random_field: Kernel 'GaussianRandomVectorField.sample' terminó en 0.0106 s
2026-09-24 23:36:31 [INFO] faradaymr.pipeline: Integrando línea de visión (RM, I, Q, U)...
2026-09-24 23:36:31 [INFO] faradaymr.pipeline: Aplicando respuesta instrumental (beam=50, ruido=True)...
2026-09-24 23:36:31 [INFO] faradaymr.pipeline: Kernel 'ObservationPipeline.run' terminó en 0.0051 s
2026-09-24 23:36:31 [INFO] faradaymr: Guardando mapas en C:\Users\liv3a\AppData\Local\Temp\pytest-of-AngelElTrazo\pytest-1\test_pipeline_icm_corre_de_pun0 ...
2026-09-24 23:36:31 [INFO] faradaymr.io: Mapas guardados en C:\Users\liv3a\AppData\Local\Temp\pytest-of-AngelElTrazo\pytest-1\test_pipeline_icm_corre_de_pun0 (.npy, 11 arreglos).
2026-09-24 23:36:36 [INFO] faradaymr.fields.gaussian_random_field: Kernel 'GaussianRandomVectorField.sample' terminó en 0.8415 s
2026-09-24 23:36:36 [INFO] faradaymr.fields.gaussian_random_field: Kernel 'GaussianRandomVectorField.sample' terminó en 0.1060 s
2026-09-24 23:36:36 [INFO] faradaymr.fields.gaussian_random_field: Kernel 'GaussianRandomVectorField.sample' terminó en 0.0978 s
2026-09-24 23:36:36 [INFO] faradaymr.fields.gaussian_random_field: Kernel 'GaussianRandomVectorField.sample' terminó en 0.0974 s
2026-09-24 23:36:36 [INFO] faradaymr.fields.gaussian_random_field: Kernel 'GaussianRandomVectorField.sample' terminó en 0.0969 s
2026-09-24 23:36:36 [INFO] faradaymr.fields.gaussian_random_field: Kernel 'GaussianRandomVectorField.sample' terminó en 0.0979 s
2026-09-24 23:36:36 [INFO] faradaymr.fields.gaussian_random_field: Kernel 'GaussianRandomVectorField.sample' terminó en 0.0971 s
2026-09-24 23:36:36 [INFO] faradaymr.fields.gaussian_random_field: Kernel 'GaussianRandomVectorField.sample' terminó en 0.0969 s
2026-09-24 23:36:37 [INFO] faradaymr.fields.gaussian_random_field: Kernel 'GaussianRandomVectorField.sample' terminó en 0.0993 s
2026-09-24 23:36:37 [INFO] faradaymr.fields.gaussian_random_field: Kernel 'GaussianRandomVectorField.sample' terminó en 0.0971 s
2026-09-24 23:36:37 [INFO] faradaymr.fields.gaussian_random_field: Kernel 'GaussianRandomVectorField.sample' terminó en 0.0988 s
2026-09-24 23:36:37 [INFO] faradaymr.fields.gaussian_random_field: Kernel 'GaussianRandomVectorField.sample' terminó en 0.0972 s
2026-09-24 23:36:37 [INFO] faradaymr.fields.gaussian_random_field: Kernel 'GaussianRandomVectorField.sample' terminó en 0.0985 s
2026-09-24 23:36:37 [INFO] faradaymr.fields.gaussian_random_field: Kernel 'GaussianRandomVectorField.sample' terminó en 0.0977 s
2026-09-24 23:36:37 [INFO] faradaymr.fields.gaussian_random_field: Kernel 'GaussianRandomVectorField.sample' terminó en 0.0978 s
2026-09-24 23:36:37 [INFO] faradaymr.fields.gaussian_random_field: Kernel 'GaussianRandomVectorField.sample' terminó en 0.0973 s
2026-09-24 23:36:38 [INFO] faradaymr.fields.gaussian_random_field: Kernel 'GaussianRandomVectorField.sample' terminó en 0.0987 s
2026-09-24 23:36:38 [INFO] faradaymr.fields.gaussian_random_field: Kernel 'GaussianRandomVectorField.sample' terminó en 0.0971 s
2026-09-24 23:36:41 [INFO] faradaymr: Corrida 20260924_233631_ebc884b7 completa. Todo quedó en: C:\Users\liv3a\AppData\Local\Temp\pytest-of-AngelElTrazo\pytest-1\test_pipeline_icm_corre_de_pun0
2026-09-24 23:36:41 [INFO] faradaymr.fields.gaussian_random_field: Kernel 'GaussianRandomVectorField.sample' terminó en 0.0060 s
2026-09-24 23:36:41 [INFO] faradaymr.pipeline: Integrando línea de visión (RM, I, Q, U)...
2026-09-24 23:36:41 [INFO] faradaymr.pipeline: Kernel 'ObservationPipeline.run' terminó en 0.0017 s
2026-09-24 23:36:41 [INFO] faradaymr.io: Mapas guardados en C:\Users\liv3a\AppData\Local\Temp\pytest-of-AngelElTrazo\pytest-1\test_mayor_b0_produce_mayor_di0\b0_debil (.npy, 1 arreglos).
2026-09-24 23:36:41 [INFO] faradaymr.fields.gaussian_random_field: Kernel 'GaussianRandomVectorField.sample' terminó en 0.0065 s
2026-09-24 23:36:41 [INFO] faradaymr.pipeline: Integrando línea de visión (RM, I, Q, U)...
2026-09-24 23:36:41 [INFO] faradaymr.pipeline: Kernel 'ObservationPipeline.run' terminó en 0.0017 s
2026-09-24 23:36:41 [INFO] faradaymr.io: Mapas guardados en C:\Users\liv3a\AppData\Local\Temp\pytest-of-AngelElTrazo\pytest-1\test_mayor_b0_produce_mayor_di0\b0_fuerte (.npy, 1 arreglos).
2026-09-24 23:36:41 [INFO] faradaymr.fields.gaussian_random_field: Kernel 'GaussianRandomVectorField.sample' terminó en 0.0026 s
2026-09-24 23:36:41 [INFO] faradaymr.fields.gaussian_random_field: Kernel 'GaussianRandomVectorField.sample' terminó en 0.0016 s
2026-09-24 23:36:41 [INFO] faradaymr.fields.gaussian_random_field: Kernel 'GaussianRandomVectorField.sample' terminó en 0.0021 s
2026-09-24 23:36:41 [INFO] faradaymr.fields.gaussian_random_field: Kernel 'GaussianRandomVectorField.sample' terminó en 0.0023 s
2026-09-24 23:36:43 [INFO] faradaymr.fields.gaussian_random_field: Kernel 'GaussianRandomVectorField.sample' terminó en 0.0024 s
2026-09-24 23:36:43 [INFO] faradaymr.fields.gaussian_random_field: Kernel 'GaussianRandomVectorField.sample' terminó en 0.0024 s
2026-09-24 23:36:43 [INFO] faradaymr.fields.gaussian_random_field: Sin malla en caché para n=8 (o force=True); generando por FFT.
2026-09-24 23:36:43 [INFO] faradaymr.fields.gaussian_random_field: Kernel 'GaussianRandomVectorField.sample' terminó en 0.0006 s
2026-09-24 23:36:43 [INFO] faradaymr.fields.gaussian_random_field: Malla n=8 encontrada en caché (C:\Users\liv3a\AppData\Local\Temp\pytest-of-AngelElTrazo\pytest-1\test_sample_cached_recupera_de0\grf_484c98598e194e89.npz); se omite la FFT.
2026-09-24 23:36:43 [INFO] faradaymr.fields.gaussian_random_field: Sin malla en caché para n=8 (o force=True); generando por FFT.
2026-09-24 23:36:43 [INFO] faradaymr.fields.gaussian_random_field: Kernel 'GaussianRandomVectorField.sample' terminó en 0.0011 s
2026-09-24 23:36:43 [INFO] faradaymr.fields.gaussian_random_field: Sin malla en caché para n=8 (o force=True); generando por FFT.
2026-09-24 23:36:43 [INFO] faradaymr.fields.gaussian_random_field: Kernel 'GaussianRandomVectorField.sample' terminó en 0.0008 s
2026-09-24 23:36:43 [INFO] faradaymr.fields.gaussian_random_field: Kernel 'GaussianRandomVectorField.sample' terminó en 0.0008 s
