2026-09-28 21:31:18 [INFO] faradaymr: Inicia la simulación 20260928_213118_7b30d2e8 (log en C:\Users\liv3a\OneDrive\Escritorio\CONGRESO_2026\Mapas-de-Rotacion-de-Faraday\tests\..\examples\icm_faraday_rotation\results\logs\20260928_213118_7b30d2e8.log)
2026-09-28 21:31:18 [INFO] faradaymr: Corrida 20260928_213118_7b30d2e8: n_spec=3, B0=1 uG, GPU=False
2026-09-28 21:31:18 [INFO] faradaymr: Generando plasma magnetizado (campo turbulento + perfil de densidad)...
2026-09-28 21:31:18 [INFO] faradaymr.fields.gaussian_random_field: Kernel 'GaussianRandomVectorField.sample' terminó en 0.0067 s
2026-09-28 21:31:18 [INFO] faradaymr.pipeline: Integrando línea de visión (RM, I, Q, U)...
2026-09-28 21:31:18 [INFO] faradaymr.pipeline: Aplicando respuesta instrumental (beam=50, ruido=True)...
2026-09-28 21:31:18 [INFO] faradaymr.pipeline: Kernel 'ObservationPipeline.run' terminó en 0.0027 s
2026-09-28 21:31:18 [INFO] faradaymr: Guardando mapas en C:\Users\liv3a\AppData\Local\Temp\pytest-of-AngelElTrazo\pytest-5\test_pipeline_icm_corre_de_pun0 ...
2026-09-28 21:31:18 [INFO] faradaymr.io: Mapas guardados en C:\Users\liv3a\AppData\Local\Temp\pytest-of-AngelElTrazo\pytest-5\test_pipeline_icm_corre_de_pun0 (.npy, 11 arreglos).
2026-09-28 21:31:19 [INFO] faradaymr.fields.gaussian_random_field: Kernel 'GaussianRandomVectorField.sample' terminó en 0.2001 s
2026-09-28 21:31:19 [INFO] faradaymr.fields.gaussian_random_field: Kernel 'GaussianRandomVectorField.sample' terminó en 0.1046 s
2026-09-28 21:31:19 [INFO] faradaymr.fields.gaussian_random_field: Kernel 'GaussianRandomVectorField.sample' terminó en 0.0961 s
2026-09-28 21:31:19 [INFO] faradaymr.fields.gaussian_random_field: Kernel 'GaussianRandomVectorField.sample' terminó en 0.0964 s
2026-09-28 21:31:19 [INFO] faradaymr.fields.gaussian_random_field: Kernel 'GaussianRandomVectorField.sample' terminó en 0.0975 s
2026-09-28 21:31:20 [INFO] faradaymr.fields.gaussian_random_field: Kernel 'GaussianRandomVectorField.sample' terminó en 0.0975 s
2026-09-28 21:31:20 [INFO] faradaymr.fields.gaussian_random_field: Kernel 'GaussianRandomVectorField.sample' terminó en 0.0965 s
2026-09-28 21:31:20 [INFO] faradaymr.fields.gaussian_random_field: Kernel 'GaussianRandomVectorField.sample' terminó en 0.0963 s
2026-09-28 21:31:20 [INFO] faradaymr.fields.gaussian_random_field: Kernel 'GaussianRandomVectorField.sample' terminó en 0.0976 s
2026-09-28 21:31:20 [INFO] faradaymr.fields.gaussian_random_field: Kernel 'GaussianRandomVectorField.sample' terminó en 0.0966 s
2026-09-28 21:31:20 [INFO] faradaymr.fields.gaussian_random_field: Kernel 'GaussianRandomVectorField.sample' terminó en 0.0982 s
2026-09-28 21:31:20 [INFO] faradaymr.fields.gaussian_random_field: Kernel 'GaussianRandomVectorField.sample' terminó en 0.0966 s
2026-09-28 21:31:20 [INFO] faradaymr.fields.gaussian_random_field: Kernel 'GaussianRandomVectorField.sample' terminó en 0.0968 s
2026-09-28 21:31:21 [INFO] faradaymr.fields.gaussian_random_field: Kernel 'GaussianRandomVectorField.sample' terminó en 0.0966 s
2026-09-28 21:31:21 [INFO] faradaymr.fields.gaussian_random_field: Kernel 'GaussianRandomVectorField.sample' terminó en 0.0981 s
2026-09-28 21:31:21 [INFO] faradaymr.fields.gaussian_random_field: Kernel 'GaussianRandomVectorField.sample' terminó en 0.0965 s
2026-09-28 21:31:21 [INFO] faradaymr.fields.gaussian_random_field: Kernel 'GaussianRandomVectorField.sample' terminó en 0.0966 s
2026-09-28 21:31:21 [INFO] faradaymr.fields.gaussian_random_field: Kernel 'GaussianRandomVectorField.sample' terminó en 0.0980 s
2026-09-28 21:31:23 [INFO] faradaymr: Corrida 20260928_213118_7b30d2e8 completa. Todo quedó en: C:\Users\liv3a\AppData\Local\Temp\pytest-of-AngelElTrazo\pytest-5\test_pipeline_icm_corre_de_pun0
2026-09-28 21:31:23 [INFO] faradaymr.fields.gaussian_random_field: Kernel 'GaussianRandomVectorField.sample' terminó en 0.0041 s
2026-09-28 21:31:23 [INFO] faradaymr.pipeline: Integrando línea de visión (RM, I, Q, U)...
2026-09-28 21:31:23 [INFO] faradaymr.pipeline: Kernel 'ObservationPipeline.run' terminó en 0.0011 s
2026-09-28 21:31:23 [INFO] faradaymr.io: Mapas guardados en C:\Users\liv3a\AppData\Local\Temp\pytest-of-AngelElTrazo\pytest-5\test_mayor_b0_produce_mayor_di0\b0_debil (.npy, 1 arreglos).
2026-09-28 21:31:23 [INFO] faradaymr.fields.gaussian_random_field: Kernel 'GaussianRandomVectorField.sample' terminó en 0.0037 s
2026-09-28 21:31:23 [INFO] faradaymr.pipeline: Integrando línea de visión (RM, I, Q, U)...
2026-09-28 21:31:23 [INFO] faradaymr.pipeline: Kernel 'ObservationPipeline.run' terminó en 0.0011 s
2026-09-28 21:31:23 [INFO] faradaymr.io: Mapas guardados en C:\Users\liv3a\AppData\Local\Temp\pytest-of-AngelElTrazo\pytest-5\test_mayor_b0_produce_mayor_di0\b0_fuerte (.npy, 1 arreglos).
2026-09-28 21:31:23 [INFO] faradaymr.fields.gaussian_random_field: Kernel 'GaussianRandomVectorField.sample' terminó en 0.0017 s
2026-09-28 21:31:23 [INFO] faradaymr.fields.gaussian_random_field: Kernel 'GaussianRandomVectorField.sample' terminó en 0.0010 s
2026-09-28 21:31:23 [INFO] faradaymr.fields.gaussian_random_field: Kernel 'GaussianRandomVectorField.sample' terminó en 0.0012 s
2026-09-28 21:31:23 [INFO] faradaymr.fields.gaussian_random_field: Kernel 'GaussianRandomVectorField.sample' terminó en 0.0012 s
2026-09-28 21:31:23 [INFO] faradaymr.fields.gaussian_random_field: Kernel 'GaussianRandomVectorField.sample' terminó en 0.0013 s
2026-09-28 21:31:23 [INFO] faradaymr.fields.gaussian_random_field: Kernel 'GaussianRandomVectorField.sample' terminó en 0.0011 s
2026-09-28 21:31:23 [INFO] faradaymr.fields.gaussian_random_field: Sin malla en caché para n=8 (o force=True); generando por FFT.
2026-09-28 21:31:23 [INFO] faradaymr.fields.gaussian_random_field: Kernel 'GaussianRandomVectorField.sample' terminó en 0.0004 s
2026-09-28 21:31:23 [INFO] faradaymr.fields.gaussian_random_field: Malla n=8 encontrada en caché (C:\Users\liv3a\AppData\Local\Temp\pytest-of-AngelElTrazo\pytest-5\test_sample_cached_recupera_de0\grf_484c98598e194e89.npz); se omite la FFT.
2026-09-28 21:31:23 [INFO] faradaymr.fields.gaussian_random_field: Sin malla en caché para n=8 (o force=True); generando por FFT.
2026-09-28 21:31:23 [INFO] faradaymr.fields.gaussian_random_field: Kernel 'GaussianRandomVectorField.sample' terminó en 0.0008 s
2026-09-28 21:31:23 [INFO] faradaymr.fields.gaussian_random_field: Sin malla en caché para n=8 (o force=True); generando por FFT.
2026-09-28 21:31:23 [INFO] faradaymr.fields.gaussian_random_field: Kernel 'GaussianRandomVectorField.sample' terminó en 0.0005 s
2026-09-28 21:31:23 [INFO] faradaymr.fields.gaussian_random_field: Kernel 'GaussianRandomVectorField.sample' terminó en 0.0004 s
