2026-09-24 23:39:54 [INFO] faradaymr: Inicia la simulación 20260924_233954_10ad2900 (log en C:\Users\liv3a\OneDrive\Escritorio\CONGRESO_2026\Mapas-de-Rotacion-de-Faraday\tests\..\examples\icm_faraday_rotation\results\logs\20260924_233954_10ad2900.log)
2026-09-24 23:39:54 [INFO] faradaymr: Corrida 20260924_233954_10ad2900: n_spec=3, B0=1 uG, GPU=False
2026-09-24 23:39:54 [INFO] faradaymr: Generando plasma magnetizado (campo turbulento + perfil de densidad)...
2026-09-24 23:39:54 [INFO] faradaymr.fields.gaussian_random_field: Kernel 'GaussianRandomVectorField.sample' terminó en 0.0037 s
2026-09-24 23:39:54 [INFO] faradaymr.pipeline: Integrando línea de visión (RM, I, Q, U)...
2026-09-24 23:39:54 [INFO] faradaymr.pipeline: Aplicando respuesta instrumental (beam=50, ruido=True)...
2026-09-24 23:39:54 [INFO] faradaymr.pipeline: Kernel 'ObservationPipeline.run' terminó en 0.0025 s
2026-09-24 23:39:54 [INFO] faradaymr: Guardando mapas en C:\Users\liv3a\AppData\Local\Temp\pytest-of-AngelElTrazo\pytest-3\test_pipeline_icm_corre_de_pun0 ...
2026-09-24 23:39:54 [INFO] faradaymr.io: Mapas guardados en C:\Users\liv3a\AppData\Local\Temp\pytest-of-AngelElTrazo\pytest-3\test_pipeline_icm_corre_de_pun0 (.npy, 11 arreglos).
2026-09-24 23:39:55 [INFO] faradaymr.fields.gaussian_random_field: Kernel 'GaussianRandomVectorField.sample' terminó en 0.1983 s
2026-09-24 23:39:55 [INFO] faradaymr.fields.gaussian_random_field: Kernel 'GaussianRandomVectorField.sample' terminó en 0.1040 s
2026-09-24 23:39:56 [INFO] faradaymr.fields.gaussian_random_field: Kernel 'GaussianRandomVectorField.sample' terminó en 0.0963 s
2026-09-24 23:39:56 [INFO] faradaymr.fields.gaussian_random_field: Kernel 'GaussianRandomVectorField.sample' terminó en 0.0963 s
2026-09-24 23:39:56 [INFO] faradaymr.fields.gaussian_random_field: Kernel 'GaussianRandomVectorField.sample' terminó en 0.0982 s
2026-09-24 23:39:56 [INFO] faradaymr.fields.gaussian_random_field: Kernel 'GaussianRandomVectorField.sample' terminó en 0.0965 s
2026-09-24 23:39:56 [INFO] faradaymr.fields.gaussian_random_field: Kernel 'GaussianRandomVectorField.sample' terminó en 0.0964 s
2026-09-24 23:39:56 [INFO] faradaymr.fields.gaussian_random_field: Kernel 'GaussianRandomVectorField.sample' terminó en 0.0960 s
2026-09-24 23:39:56 [INFO] faradaymr.fields.gaussian_random_field: Kernel 'GaussianRandomVectorField.sample' terminó en 0.0961 s
2026-09-24 23:39:56 [INFO] faradaymr.fields.gaussian_random_field: Kernel 'GaussianRandomVectorField.sample' terminó en 0.0988 s
2026-09-24 23:39:57 [INFO] faradaymr.fields.gaussian_random_field: Kernel 'GaussianRandomVectorField.sample' terminó en 0.0964 s
2026-09-24 23:39:57 [INFO] faradaymr.fields.gaussian_random_field: Kernel 'GaussianRandomVectorField.sample' terminó en 0.0959 s
2026-09-24 23:39:57 [INFO] faradaymr.fields.gaussian_random_field: Kernel 'GaussianRandomVectorField.sample' terminó en 0.0965 s
2026-09-24 23:39:57 [INFO] faradaymr.fields.gaussian_random_field: Kernel 'GaussianRandomVectorField.sample' terminó en 0.0977 s
2026-09-24 23:39:57 [INFO] faradaymr.fields.gaussian_random_field: Kernel 'GaussianRandomVectorField.sample' terminó en 0.0967 s
2026-09-24 23:39:57 [INFO] faradaymr.fields.gaussian_random_field: Kernel 'GaussianRandomVectorField.sample' terminó en 0.0969 s
2026-09-24 23:39:57 [INFO] faradaymr.fields.gaussian_random_field: Kernel 'GaussianRandomVectorField.sample' terminó en 0.0969 s
2026-09-24 23:39:57 [INFO] faradaymr.fields.gaussian_random_field: Kernel 'GaussianRandomVectorField.sample' terminó en 0.0965 s
2026-09-24 23:39:59 [INFO] faradaymr: Corrida 20260924_233954_10ad2900 completa. Todo quedó en: C:\Users\liv3a\AppData\Local\Temp\pytest-of-AngelElTrazo\pytest-3\test_pipeline_icm_corre_de_pun0
2026-09-24 23:39:59 [INFO] faradaymr.fields.gaussian_random_field: Kernel 'GaussianRandomVectorField.sample' terminó en 0.0041 s
2026-09-24 23:39:59 [INFO] faradaymr.pipeline: Integrando línea de visión (RM, I, Q, U)...
2026-09-24 23:39:59 [INFO] faradaymr.pipeline: Kernel 'ObservationPipeline.run' terminó en 0.0012 s
2026-09-24 23:39:59 [INFO] faradaymr.io: Mapas guardados en C:\Users\liv3a\AppData\Local\Temp\pytest-of-AngelElTrazo\pytest-3\test_mayor_b0_produce_mayor_di0\b0_debil (.npy, 1 arreglos).
2026-09-24 23:39:59 [INFO] faradaymr.fields.gaussian_random_field: Kernel 'GaussianRandomVectorField.sample' terminó en 0.0032 s
2026-09-24 23:39:59 [INFO] faradaymr.pipeline: Integrando línea de visión (RM, I, Q, U)...
2026-09-24 23:39:59 [INFO] faradaymr.pipeline: Kernel 'ObservationPipeline.run' terminó en 0.0011 s
2026-09-24 23:39:59 [INFO] faradaymr.io: Mapas guardados en C:\Users\liv3a\AppData\Local\Temp\pytest-of-AngelElTrazo\pytest-3\test_mayor_b0_produce_mayor_di0\b0_fuerte (.npy, 1 arreglos).
2026-09-24 23:39:59 [INFO] faradaymr.fields.gaussian_random_field: Kernel 'GaussianRandomVectorField.sample' terminó en 0.0020 s
2026-09-24 23:39:59 [INFO] faradaymr.fields.gaussian_random_field: Kernel 'GaussianRandomVectorField.sample' terminó en 0.0010 s
2026-09-24 23:39:59 [INFO] faradaymr.fields.gaussian_random_field: Kernel 'GaussianRandomVectorField.sample' terminó en 0.0010 s
2026-09-24 23:39:59 [INFO] faradaymr.fields.gaussian_random_field: Kernel 'GaussianRandomVectorField.sample' terminó en 0.0010 s
2026-09-24 23:39:59 [INFO] faradaymr.fields.gaussian_random_field: Kernel 'GaussianRandomVectorField.sample' terminó en 0.0011 s
2026-09-24 23:39:59 [INFO] faradaymr.fields.gaussian_random_field: Kernel 'GaussianRandomVectorField.sample' terminó en 0.0011 s
2026-09-24 23:39:59 [INFO] faradaymr.fields.gaussian_random_field: Sin malla en caché para n=8 (o force=True); generando por FFT.
2026-09-24 23:39:59 [INFO] faradaymr.fields.gaussian_random_field: Kernel 'GaussianRandomVectorField.sample' terminó en 0.0004 s
2026-09-24 23:39:59 [INFO] faradaymr.fields.gaussian_random_field: Malla n=8 encontrada en caché (C:\Users\liv3a\AppData\Local\Temp\pytest-of-AngelElTrazo\pytest-3\test_sample_cached_recupera_de0\grf_484c98598e194e89.npz); se omite la FFT.
2026-09-24 23:39:59 [INFO] faradaymr.fields.gaussian_random_field: Sin malla en caché para n=8 (o force=True); generando por FFT.
2026-09-24 23:39:59 [INFO] faradaymr.fields.gaussian_random_field: Kernel 'GaussianRandomVectorField.sample' terminó en 0.0004 s
2026-09-24 23:39:59 [INFO] faradaymr.fields.gaussian_random_field: Sin malla en caché para n=8 (o force=True); generando por FFT.
2026-09-24 23:39:59 [INFO] faradaymr.fields.gaussian_random_field: Kernel 'GaussianRandomVectorField.sample' terminó en 0.0004 s
2026-09-24 23:39:59 [INFO] faradaymr.fields.gaussian_random_field: Kernel 'GaussianRandomVectorField.sample' terminó en 0.0004 s
